// Jest Snapshot v1, https://goo.gl/fbAQLP

exports[`<Header /> should render the Header component correctly 1`] = `
<Fragment>
  <div
    className="bg-white shadow relative"
  >
    <div
      className="container mx-auto px-4"
    >
      <div
        className="flex items-center justify-between py-4"
      >
        <div
          className="flex"
        >
          <Link
            to="/"
          >
            <img
              alt="Authors' Haven Icon"
              className="w-10 h-9 mr-2"
              src={
                Object {
                  "process": [Function],
                }
              }
            />
          </Link>
          <h1
            className="font-bold text-xl sm-text-base"
          >
            Authorâ€˜s Haven
          </h1>
        </div>
        <div
          className="hidden sm:flex sm:items-center"
        >
          <button
            className="text-blue-600 cursor-pointer"
            onClick={[Function]}
            type="button"
          >
            <i
              className="fa fa-search fa-lg text-gray-600 mr-4 thin"
            />
          </button>
          <button
            className="text-blue-600 cursor-pointer"
            onClick={[Function]}
            type="button"
          >
            <img
              alt="ProfileImage"
              className="rounded-full w-10 h-10"
            />
          </button>
        </div>
        <div
          className="sm:hidden cursor-pointer"
        >
          <button
            className="text-blue-600 cursor-pointer"
            onClick={[Function]}
            type="button"
          >
            <i
              className="fa fa-search fa-lg text-gray-600 mr-4 thin"
            />
          </button>
          <button
            className="text-blue-600 cursor-pointer"
            onClick={[Function]}
            type="button"
          >
            <img
              alt="ProfileImage"
              className="rounded-full w-10 h-10"
            />
          </button>
        </div>
      </div>
      <div
        className="block sm:hidden bg-white border-t-2 py-2 hidden"
      >
        <div
          className="flex justify-between items-center pt-2"
        />
      </div>
    </div>
  </div>
  <div
    className="block bg-white border-t-2 py-2 w-2/5 max-w-xs shadow-lg absolute right-0 hidden"
  >
    <div
      className="tooltip container"
    />
    <div
      className="flex justify-between items-center pt-2 font-sans text-sm"
    >
      <div
        className="p-2 px-2 sm:px-6  w-full"
      >
        <Link
          to="/profile/kingsmen"
        >
          <div
            className="border-b pb-4 md:flex lg:flex flex-wrap"
          >
            <img
              alt="My profile"
              className="rounded-full w-10 h-10 mx-auto md:mx-0 lg:mx-0"
            />
            <div
              className="ml-0 md:ml-4 lg:ml-4 md:text-left lg:text-left text-center hover:text-blue-700"
            >
              <div
                className="font-bold text-base"
              >
                Kings men
              </div>
              <div
                className="text-gray-500"
              >
                @ kingsmen
              </div>
            </div>
          </div>
        </Link>
        <Link
          className="block border-b pb-2 hover:text-blue-700 pt-2"
          to="/profile/kingsmen"
        >
          Profile
        </Link>
        <Link
          className="block border-b pb-2 pt-2 hover:text-blue-700"
          to="/articles"
        >
          New Article
        </Link>
        <Link
          className="block pt-2 hover:text-blue-700"
          to="/"
        >
          Sign out
        </Link>
      </div>
    </div>
  </div>
</Fragment>
`;
