// Jest Snapshot v1, https://goo.gl/fbAQLP

exports[`<Modal /> should render a modal correctly 1`] = `
<div
  className="modal flex"
>
  <div
    className="modal-container text-center relative justify-center items-center"
  >
    <button
      className="absolute modal-exit bg-white rounded-full py-1 px-3 shadow-lg cursor-pointer flex hover:bg-gray-300"
      onClick={[MockFunction]}
      type="button"
    >
      <span
        className="icon ion-md-cancel"
      >
        x
      </span>
    </button>
    <div
      className="modal_title"
    >
      <h2
        className="text-normal font-bold text-xl"
      >
        New Modal
      </h2>
    </div>
    <div
      className="modal_body"
    >
      <h1>
        Hello World
      </h1>
    </div>
  </div>
</div>
`;
