// Jest Snapshot v1, https://goo.gl/fbAQLP

exports[`App should render the App component correctly 1`] = `
<div>
  <h1>
    Hello World
  </h1>
</div>
`;
