// Jest Snapshot v1, https://goo.gl/fbAQLP

exports[`Routes should render the Routes component correctly 1`] = `
<BrowserRouter>
  <Switch>
    <Route
<<<<<<< HEAD
=======
      component={[Function]}
      exact={true}
      path="/"
    />
    <Route
      component={[Function]}
      exact={true}
      path="/comment"
    />
    <Route
      component={[Function]}
      exact={true}
      path="/login"
    />
    <Route
>>>>>>> 8400d228fb03cefbe4d11b9663681d1d461fcdd5
      component={
        Object {
          "$$typeof": Symbol(react.memo),
          "WrappedComponent": [Function],
          "compare": null,
<<<<<<< HEAD
          "displayName": "Connect(Home)",
=======
          "displayName": "Connect(Signup)",
>>>>>>> 8400d228fb03cefbe4d11b9663681d1d461fcdd5
          "type": [Function],
        }
      }
      exact={true}
<<<<<<< HEAD
      path="/"
=======
      path="/register"
    />
    <Route
      component={[Function]}
      exact={true}
      path="/profile"
>>>>>>> 8400d228fb03cefbe4d11b9663681d1d461fcdd5
    />
    <Route
      component={[Function]}
      path="/"
    />
  </Switch>
</BrowserRouter>
`;
